package main

var (
	v1 = "v1"
	v2 = "v2"
)

var (
	v3 = "v3" // want "incorrect single declaration style"
	v4 = "v4"
)

var (
	v5 = "v5" // want "incorrect single declaration style"
	v6 = "v6"
)

const (
	c1 = "c1" // want "incorrect single declaration style"
)

var (
	v7 = "v7" // want "incorrect single declaration style"
)